// Jest Snapshot v1, https://goo.gl/fbAQLP

exports[`should display an alert message when message is alert 1`] = `
"/!\\\\ Alert: High traffic generated an alert - hits = 15, triggered at Mon, 02 Feb 2015 03:01:03 GMT

Welcome to LogMon - an access log monitoring console application.

You can use options to customize the timing, 
and the alerting behaviour (see --help command for more infos).

Last updated at Sun, 01 Feb 2015 00:12:51 GMT


Settings:
    - Overload duration:     0/12
    - Max hits per second:   10
    - Monitored file:        file

Global stats:
    - Most visited section:  -
    - Most buggy section:    -
    - Total hits:            0 hit(s)
    - Avg hits/s:            0.00
    - Total traffic:         0 b

Current batch:
    - Current batch traffic: 0
    - Current batch hits/s:  0.00

Sections details:


> Handcrafted with care for Datadog by Ephasme... <3
> Press C-c to quit."
`;

exports[`should display many messages 1`] = `
"/!\\\\ Alert: High traffic generated an alert - hits = 15, triggered at Mon, 02 Feb 2015 03:01:03 GMT
[o] Info: Recovered from high traffic at Mon, 02 Feb 2015 04:01:03 GMT
/!\\\\ Alert: High traffic generated an alert - hits = 15, triggered at Mon, 02 Feb 2015 05:01:03 GMT

Welcome to LogMon - an access log monitoring console application.

You can use options to customize the timing, 
and the alerting behaviour (see --help command for more infos).

Last updated at Sun, 01 Feb 2015 00:12:51 GMT


Settings:
    - Overload duration:     0/12
    - Max hits per second:   10
    - Monitored file:        file

Global stats:
    - Most visited section:  -
    - Most buggy section:    -
    - Total hits:            0 hit(s)
    - Avg hits/s:            0.00
    - Total traffic:         0 b

Current batch:
    - Current batch traffic: 0
    - Current batch hits/s:  0.00

Sections details:


> Handcrafted with care for Datadog by Ephasme... <3
> Press C-c to quit."
`;

exports[`should display recovering message when message is recovering 1`] = `
"[o] Info: Recovered from high traffic at Mon, 02 Feb 2015 03:01:03 GMT

Welcome to LogMon - an access log monitoring console application.

You can use options to customize the timing, 
and the alerting behaviour (see --help command for more infos).

Last updated at Sun, 01 Feb 2015 00:12:51 GMT


Settings:
    - Overload duration:     0/12
    - Max hits per second:   10
    - Monitored file:        file

Global stats:
    - Most visited section:  -
    - Most buggy section:    -
    - Total hits:            0 hit(s)
    - Avg hits/s:            0.00
    - Total traffic:         0 b

Current batch:
    - Current batch traffic: 0
    - Current batch hits/s:  0.00

Sections details:


> Handcrafted with care for Datadog by Ephasme... <3
> Press C-c to quit."
`;

exports[`should display sections when filled 1`] = `
"Welcome to LogMon - an access log monitoring console application.

You can use options to customize the timing, 
and the alerting behaviour (see --help command for more infos).

Last updated at Sun, 01 Feb 2015 00:12:51 GMT


Settings:
    - Overload duration:     0/12
    - Max hits per second:   10
    - Monitored file:        file

Global stats:
    - Most visited section:  test2 (14 hit(s))
    - Most buggy section:    test2 (57 error(s))
    - Total hits:            55 hit(s)
    - Avg hits/s:            0.43
    - Total traffic:         66 b

Current batch:
    - Current batch traffic: 44
    - Current batch hits/s:  0.67

Sections details:

test1: 91 bytes in 8 hit(s) (12 error(s))
test2: 123 bytes in 14 hit(s) (57 error(s))

> Handcrafted with care for Datadog by Ephasme... <3
> Press C-c to quit."
`;
